// Jest Snapshot v1, https://goo.gl/fbAQLP

exports[`PassThroughCopy copies the content of content.xml as to the output as expected 1`] = `
"<?xml version=\\"1.0\\" encoding=\\"UTF-8\\" ?>
<office:document-content
  xmlns:officeooo=\\"http://openoffice.org/2009/office\\"
  xmlns:anim=\\"urn:oasis:names:tc:opendocument:xmlns:animation:1.0\\"
  xmlns:smil=\\"urn:oasis:names:tc:opendocument:xmlns:smil-compatible:1.0\\"
  xmlns:presentation=\\"urn:oasis:names:tc:opendocument:xmlns:presentation:1.0\\"
  xmlns:grddl=\\"http://www.w3.org/2003/g/data-view#\\"
  xmlns:xhtml=\\"http://www.w3.org/1999/xhtml\\"
  xmlns:xsi=\\"http://www.w3.org/2001/XMLSchema-instance\\"
  xmlns:xsd=\\"http://www.w3.org/2001/XMLSchema\\"
  xmlns:xforms=\\"http://www.w3.org/2002/xforms\\"
  xmlns:dom=\\"http://www.w3.org/2001/xml-events\\"
  xmlns:script=\\"urn:oasis:names:tc:opendocument:xmlns:script:1.0\\"
  xmlns:form=\\"urn:oasis:names:tc:opendocument:xmlns:form:1.0\\"
  xmlns:math=\\"http://www.w3.org/1998/Math/MathML\\"
  xmlns:drawooo=\\"http://openoffice.org/2010/draw\\"
  xmlns:calcext=\\"urn:org:documentfoundation:names:experimental:calc:xmlns:calcext:1.0\\"
  xmlns:tableooo=\\"http://openoffice.org/2009/table\\"
  xmlns:oooc=\\"http://openoffice.org/2004/calc\\"
  xmlns:ooow=\\"http://openoffice.org/2004/writer\\"
  xmlns:css3t=\\"http://www.w3.org/TR/css3-text/\\"
  xmlns:number=\\"urn:oasis:names:tc:opendocument:xmlns:datastyle:1.0\\"
  xmlns:table=\\"urn:oasis:names:tc:opendocument:xmlns:table:1.0\\"
  xmlns:rpt=\\"http://openoffice.org/2005/report\\"
  xmlns:chart=\\"urn:oasis:names:tc:opendocument:xmlns:chart:1.0\\"
  xmlns:draw=\\"urn:oasis:names:tc:opendocument:xmlns:drawing:1.0\\"
  xmlns:dr3d=\\"urn:oasis:names:tc:opendocument:xmlns:dr3d:1.0\\"
  xmlns:text=\\"urn:oasis:names:tc:opendocument:xmlns:text:1.0\\"
  xmlns:style=\\"urn:oasis:names:tc:opendocument:xmlns:style:1.0\\"
  xmlns:xlink=\\"http://www.w3.org/1999/xlink\\"
  xmlns:field=\\"urn:openoffice:names:experimental:ooo-ms-interop:xmlns:field:1.0\\"
  xmlns:meta=\\"urn:oasis:names:tc:opendocument:xmlns:meta:1.0\\"
  xmlns:formx=\\"urn:openoffice:names:experimental:ooxml-odf-interop:xmlns:form:1.0\\"
  xmlns:dc=\\"http://purl.org/dc/elements/1.1/\\"
  xmlns:fo=\\"urn:oasis:names:tc:opendocument:xmlns:xsl-fo-compatible:1.0\\"
  xmlns:loext=\\"urn:org:documentfoundation:names:experimental:office:xmlns:loext:1.0\\"
  xmlns:ooo=\\"http://openoffice.org/2004/office\\"
  xmlns:of=\\"urn:oasis:names:tc:opendocument:xmlns:of:1.2\\"
  xmlns:svg=\\"urn:oasis:names:tc:opendocument:xmlns:svg-compatible:1.0\\"
  xmlns:office=\\"urn:oasis:names:tc:opendocument:xmlns:office:1.0\\"
  office:version=\\"1.2\\"
>
  <office:font-face-decls>
    <style:font-face
      style:name=\\"Liberation Sans\\"
      svg:font-family=\\"&apos;Liberation Sans&apos;\\"
      style:font-family-generic=\\"roman\\"
      style:font-pitch=\\"variable\\"
    />
    <style:font-face
      style:name=\\"Noto Sans\\"
      svg:font-family=\\"&apos;Noto Sans&apos;\\"
      style:font-family-generic=\\"roman\\"
      style:font-pitch=\\"variable\\"
    />
    <style:font-face
      style:name=\\"Source Sans Pro\\"
      svg:font-family=\\"&apos;Source Sans Pro&apos;\\"
      style:font-family-generic=\\"roman\\"
      style:font-pitch=\\"variable\\"
    />
    <style:font-face
      style:name=\\"Source Sans Pro2\\"
      svg:font-family=\\"&apos;Source Sans Pro&apos;\\"
      style:font-adornments=\\"標準\\"
      style:font-family-generic=\\"roman\\"
      style:font-pitch=\\"variable\\"
    />
    <style:font-face
      style:name=\\"Source Sans Pro Black\\"
      svg:font-family=\\"&apos;Source Sans Pro Black&apos;\\"
      style:font-family-generic=\\"roman\\"
      style:font-pitch=\\"variable\\"
    />
    <style:font-face
      style:name=\\"Source Sans Pro Black1\\"
      svg:font-family=\\"&apos;Source Sans Pro Black&apos;\\"
      style:font-adornments=\\"黒\\"
      style:font-family-generic=\\"roman\\"
      style:font-pitch=\\"variable\\"
    />
    <style:font-face
      style:name=\\"Source Sans Pro Light\\"
      svg:font-family=\\"&apos;Source Sans Pro Light&apos;\\"
      style:font-family-generic=\\"roman\\"
      style:font-pitch=\\"variable\\"
    />
    <style:font-face
      style:name=\\"Source Sans Pro Light1\\"
      svg:font-family=\\"&apos;Source Sans Pro Light&apos;\\"
      style:font-adornments=\\"細字\\"
      style:font-family-generic=\\"roman\\"
      style:font-pitch=\\"variable\\"
    />
    <style:font-face
      style:name=\\"Source Sans Pro Semibold1\\"
      svg:font-family=\\"&apos;Source Sans Pro Semibold&apos;\\"
      style:font-family-generic=\\"roman\\"
      style:font-pitch=\\"variable\\"
    />
    <style:font-face
      style:name=\\"Source Sans Pro Semibold2\\"
      svg:font-family=\\"&apos;Source Sans Pro Semibold&apos;\\"
      style:font-adornments=\\"Semibold\\"
      style:font-family-generic=\\"roman\\"
      style:font-pitch=\\"variable\\"
    />
    <style:font-face
      style:name=\\"Source Sans Pro1\\"
      svg:font-family=\\"&apos;Source Sans Pro&apos;\\"
      style:font-adornments=\\"標準\\"
      style:font-family-generic=\\"swiss\\"
      style:font-pitch=\\"variable\\"
    />
    <style:font-face
      style:name=\\"Source Sans Pro Black2\\"
      svg:font-family=\\"&apos;Source Sans Pro Black&apos;\\"
      style:font-adornments=\\"黒\\"
      style:font-family-generic=\\"swiss\\"
      style:font-pitch=\\"variable\\"
    />
    <style:font-face
      style:name=\\"Source Sans Pro Light2\\"
      svg:font-family=\\"&apos;Source Sans Pro Light&apos;\\"
      style:font-adornments=\\"細字\\"
      style:font-family-generic=\\"swiss\\"
      style:font-pitch=\\"variable\\"
    />
    <style:font-face
      style:name=\\"Source Sans Pro Semibold\\"
      svg:font-family=\\"&apos;Source Sans Pro Semibold&apos;\\"
      style:font-adornments=\\"Semibold\\"
      style:font-family-generic=\\"swiss\\"
      style:font-pitch=\\"variable\\"
    />
    <style:font-face
      style:name=\\"Arial Unicode MS\\"
      svg:font-family=\\"&apos;Arial Unicode MS&apos;\\"
      style:font-family-generic=\\"system\\"
      style:font-pitch=\\"variable\\"
    />
    <style:font-face
      style:name=\\"PingFang SC\\"
      svg:font-family=\\"&apos;PingFang SC&apos;\\"
      style:font-family-generic=\\"system\\"
      style:font-pitch=\\"variable\\"
    />
    <style:font-face
      style:name=\\"Tahoma\\"
      svg:font-family=\\"Tahoma\\"
      style:font-family-generic=\\"system\\"
      style:font-pitch=\\"variable\\"
    />
  </office:font-face-decls>
  <office:automatic-styles>
    <style:style style:name=\\"dp1\\" style:family=\\"drawing-page\\">
      <style:drawing-page-properties
        presentation:background-visible=\\"true\\"
        presentation:background-objects-visible=\\"true\\"
        presentation:display-footer=\\"false\\"
        presentation:display-page-number=\\"false\\"
        presentation:display-date-time=\\"false\\"
      />
    </style:style>
    <style:style style:name=\\"dp2\\" style:family=\\"drawing-page\\">
      <style:drawing-page-properties
        presentation:display-header=\\"true\\"
        presentation:display-footer=\\"true\\"
        presentation:display-page-number=\\"false\\"
        presentation:display-date-time=\\"true\\"
      />
    </style:style>
    <style:style style:name=\\"dp3\\" style:family=\\"drawing-page\\">
      <style:drawing-page-properties
        presentation:background-visible=\\"true\\"
        presentation:background-objects-visible=\\"true\\"
        presentation:display-footer=\\"false\\"
        presentation:display-page-number=\\"true\\"
        presentation:display-date-time=\\"false\\"
      />
    </style:style>
    <style:style style:name=\\"gr1\\" style:family=\\"graphic\\">
      <style:graphic-properties style:protect=\\"size\\" />
    </style:style>
    <style:style
      style:name=\\"pr1\\"
      style:family=\\"presentation\\"
      style:parent-style-name=\\"Alizarin0-title\\"
    >
      <style:graphic-properties fo:min-height=\\"2.25cm\\" />
      <style:paragraph-properties style:writing-mode=\\"lr-tb\\" />
    </style:style>
    <style:style
      style:name=\\"pr2\\"
      style:family=\\"presentation\\"
      style:parent-style-name=\\"Alizarin0-subtitle\\"
    >
      <style:graphic-properties
        draw:fill-color=\\"#ffffff\\"
        fo:min-height=\\"6.75cm\\"
      />
      <style:paragraph-properties style:writing-mode=\\"lr-tb\\" />
    </style:style>
    <style:style
      style:name=\\"pr3\\"
      style:family=\\"presentation\\"
      style:parent-style-name=\\"Alizarin0-notes\\"
    >
      <style:graphic-properties
        draw:fill-color=\\"#ffffff\\"
        fo:min-height=\\"13.364cm\\"
      />
      <style:paragraph-properties style:writing-mode=\\"lr-tb\\" />
    </style:style>
    <style:style
      style:name=\\"pr4\\"
      style:family=\\"presentation\\"
      style:parent-style-name=\\"Alizarin-title\\"
    >
      <style:graphic-properties fo:min-height=\\"2.25cm\\" />
      <style:paragraph-properties style:writing-mode=\\"lr-tb\\" />
    </style:style>
    <style:style
      style:name=\\"pr5\\"
      style:family=\\"presentation\\"
      style:parent-style-name=\\"Alizarin-outline1\\"
    >
      <style:graphic-properties fo:min-height=\\"12.75cm\\" />
      <style:paragraph-properties style:writing-mode=\\"lr-tb\\" />
    </style:style>
    <style:style
      style:name=\\"pr6\\"
      style:family=\\"presentation\\"
      style:parent-style-name=\\"Alizarin-notes\\"
    >
      <style:graphic-properties
        draw:fill-color=\\"#ffffff\\"
        draw:auto-grow-height=\\"true\\"
        fo:min-height=\\"13.364cm\\"
      />
      <style:paragraph-properties style:writing-mode=\\"lr-tb\\" />
    </style:style>
    <style:style style:name=\\"P1\\" style:family=\\"paragraph\\">
      <style:paragraph-properties style:writing-mode=\\"lr-tb\\" />
    </style:style>
    <style:style style:name=\\"P2\\" style:family=\\"paragraph\\">
      <loext:graphic-properties draw:fill-color=\\"#ffffff\\" />
      <style:paragraph-properties style:writing-mode=\\"lr-tb\\" />
    </style:style>
    <text:list-style style:name=\\"L1\\">
      <text:list-level-style-bullet text:level=\\"1\\" text:bullet-char=\\"●\\">
        <style:list-level-properties text:min-label-width=\\"0.6cm\\" />
        <style:text-properties
          fo:font-family=\\"StarSymbol\\"
          style:use-window-font-color=\\"true\\"
          fo:font-size=\\"45%\\"
        />
      </text:list-level-style-bullet>
      <text:list-level-style-bullet text:level=\\"2\\" text:bullet-char=\\"●\\">
        <style:list-level-properties
          text:space-before=\\"0.6cm\\"
          text:min-label-width=\\"0.6cm\\"
        />
        <style:text-properties
          fo:font-family=\\"StarSymbol\\"
          style:use-window-font-color=\\"true\\"
          fo:font-size=\\"45%\\"
        />
      </text:list-level-style-bullet>
      <text:list-level-style-bullet text:level=\\"3\\" text:bullet-char=\\"●\\">
        <style:list-level-properties
          text:space-before=\\"1.2cm\\"
          text:min-label-width=\\"0.6cm\\"
        />
        <style:text-properties
          fo:font-family=\\"StarSymbol\\"
          style:use-window-font-color=\\"true\\"
          fo:font-size=\\"45%\\"
        />
      </text:list-level-style-bullet>
      <text:list-level-style-bullet text:level=\\"4\\" text:bullet-char=\\"●\\">
        <style:list-level-properties
          text:space-before=\\"1.8cm\\"
          text:min-label-width=\\"0.6cm\\"
        />
        <style:text-properties
          fo:font-family=\\"StarSymbol\\"
          style:use-window-font-color=\\"true\\"
          fo:font-size=\\"45%\\"
        />
      </text:list-level-style-bullet>
      <text:list-level-style-bullet text:level=\\"5\\" text:bullet-char=\\"●\\">
        <style:list-level-properties
          text:space-before=\\"2.4cm\\"
          text:min-label-width=\\"0.6cm\\"
        />
        <style:text-properties
          fo:font-family=\\"StarSymbol\\"
          style:use-window-font-color=\\"true\\"
          fo:font-size=\\"45%\\"
        />
      </text:list-level-style-bullet>
      <text:list-level-style-bullet text:level=\\"6\\" text:bullet-char=\\"●\\">
        <style:list-level-properties
          text:space-before=\\"3cm\\"
          text:min-label-width=\\"0.6cm\\"
        />
        <style:text-properties
          fo:font-family=\\"StarSymbol\\"
          style:use-window-font-color=\\"true\\"
          fo:font-size=\\"45%\\"
        />
      </text:list-level-style-bullet>
      <text:list-level-style-bullet text:level=\\"7\\" text:bullet-char=\\"●\\">
        <style:list-level-properties
          text:space-before=\\"3.6cm\\"
          text:min-label-width=\\"0.6cm\\"
        />
        <style:text-properties
          fo:font-family=\\"StarSymbol\\"
          style:use-window-font-color=\\"true\\"
          fo:font-size=\\"45%\\"
        />
      </text:list-level-style-bullet>
      <text:list-level-style-bullet text:level=\\"8\\" text:bullet-char=\\"●\\">
        <style:list-level-properties
          text:space-before=\\"4.2cm\\"
          text:min-label-width=\\"0.6cm\\"
        />
        <style:text-properties
          fo:font-family=\\"StarSymbol\\"
          style:use-window-font-color=\\"true\\"
          fo:font-size=\\"45%\\"
        />
      </text:list-level-style-bullet>
      <text:list-level-style-bullet text:level=\\"9\\" text:bullet-char=\\"●\\">
        <style:list-level-properties
          text:space-before=\\"4.8cm\\"
          text:min-label-width=\\"0.6cm\\"
        />
        <style:text-properties
          fo:font-family=\\"StarSymbol\\"
          style:use-window-font-color=\\"true\\"
          fo:font-size=\\"45%\\"
        />
      </text:list-level-style-bullet>
      <text:list-level-style-bullet text:level=\\"10\\" text:bullet-char=\\"●\\">
        <style:list-level-properties
          text:space-before=\\"5.4cm\\"
          text:min-label-width=\\"0.6cm\\"
        />
        <style:text-properties
          fo:font-family=\\"StarSymbol\\"
          style:use-window-font-color=\\"true\\"
          fo:font-size=\\"45%\\"
        />
      </text:list-level-style-bullet>
    </text:list-style>
    <number:date-style style:name=\\"D3\\">
      <number:day number:style=\\"long\\" />
      <number:text>.</number:text>
      <number:text>.</number:text>
      <number:month number:style=\\"long\\" />
      <number:year />
    </number:date-style>
  </office:automatic-styles>
  <office:body>
    <office:presentation>
      <draw:page
        draw:name=\\"page1\\"
        draw:style-name=\\"dp1\\"
        draw:master-page-name=\\"Alizarin0\\"
        presentation:presentation-page-layout-name=\\"AL1T0\\"
        presentation:use-date-time-name=\\"dtd1\\"
      >
        <office:forms
          form:automatic-focus=\\"false\\"
          form:apply-design-mode=\\"false\\"
        />
        <draw:frame
          presentation:style-name=\\"pr1\\"
          draw:text-style-name=\\"P1\\"
          draw:layer=\\"layout\\"
          svg:width=\\"26cm\\"
          svg:height=\\"2.5cm\\"
          svg:x=\\"1cm\\"
          svg:y=\\"9.25cm\\"
          presentation:class=\\"title\\"
        >
          <draw:text-box>
            <text:p>Slide 1</text:p>
          </draw:text-box>
        </draw:frame>
        <draw:frame
          presentation:style-name=\\"pr2\\"
          draw:text-style-name=\\"P2\\"
          draw:layer=\\"layout\\"
          svg:width=\\"25.5cm\\"
          svg:height=\\"7cm\\"
          svg:x=\\"1.5cm\\"
          svg:y=\\"13cm\\"
          presentation:class=\\"subtitle\\"
          presentation:placeholder=\\"true\\"
        >
          <draw:text-box />
        </draw:frame>
        <presentation:notes draw:style-name=\\"dp2\\">
          <draw:page-thumbnail
            draw:style-name=\\"gr1\\"
            draw:layer=\\"layout\\"
            svg:width=\\"14.848cm\\"
            svg:height=\\"11.136cm\\"
            svg:x=\\"3.075cm\\"
            svg:y=\\"2.257cm\\"
            draw:page-number=\\"1\\"
            presentation:class=\\"page\\"
          />
          <draw:frame
            presentation:style-name=\\"pr3\\"
            draw:text-style-name=\\"P2\\"
            draw:layer=\\"layout\\"
            svg:width=\\"16.799cm\\"
            svg:height=\\"13.364cm\\"
            svg:x=\\"2.1cm\\"
            svg:y=\\"14.107cm\\"
            presentation:class=\\"notes\\"
            presentation:placeholder=\\"true\\"
          >
            <draw:text-box />
          </draw:frame>
        </presentation:notes>
      </draw:page>
      <draw:page
        draw:name=\\"page2\\"
        draw:style-name=\\"dp3\\"
        draw:master-page-name=\\"Alizarin\\"
        presentation:presentation-page-layout-name=\\"AL2T1\\"
        presentation:use-date-time-name=\\"dtd1\\"
      >
        <office:forms
          form:automatic-focus=\\"false\\"
          form:apply-design-mode=\\"false\\"
        />
        <draw:frame
          presentation:style-name=\\"pr4\\"
          draw:text-style-name=\\"P1\\"
          draw:layer=\\"layout\\"
          svg:width=\\"26cm\\"
          svg:height=\\"2.5cm\\"
          svg:x=\\"1cm\\"
          svg:y=\\"1cm\\"
          presentation:class=\\"title\\"
        >
          <draw:text-box>
            <text:p>Slide2<text:line-break /></text:p>
          </draw:text-box>
        </draw:frame>
        <draw:frame
          presentation:style-name=\\"pr5\\"
          draw:text-style-name=\\"P1\\"
          draw:layer=\\"layout\\"
          svg:width=\\"25.5cm\\"
          svg:height=\\"13cm\\"
          svg:x=\\"1cm\\"
          svg:y=\\"5.5cm\\"
          presentation:class=\\"outline\\"
          presentation:placeholder=\\"true\\"
        >
          <draw:text-box />
        </draw:frame>
        <presentation:notes draw:style-name=\\"dp2\\">
          <draw:page-thumbnail
            draw:style-name=\\"gr1\\"
            draw:layer=\\"layout\\"
            svg:width=\\"14.848cm\\"
            svg:height=\\"11.136cm\\"
            svg:x=\\"3.075cm\\"
            svg:y=\\"2.257cm\\"
            draw:page-number=\\"2\\"
            presentation:class=\\"page\\"
          />
          <draw:frame
            presentation:style-name=\\"pr6\\"
            draw:text-style-name=\\"P2\\"
            draw:layer=\\"layout\\"
            svg:width=\\"16.799cm\\"
            svg:height=\\"13.364cm\\"
            svg:x=\\"2.1cm\\"
            svg:y=\\"14.107cm\\"
            presentation:class=\\"notes\\"
            presentation:placeholder=\\"true\\"
          >
            <draw:text-box />
          </draw:frame>
        </presentation:notes>
      </draw:page>
    </office:presentation>
  </office:body>
</office:document-content>
"
`;
