// Jest Snapshot v1, https://goo.gl/fbAQLP

exports[`Style masterPages returns master styles for the presenation 1`] = `undefined`;

exports[`Style namespaces returns the style XML namespaces for this presentation 1`] = `
Object {
  "xmlns:anim": "urn:oasis:names:tc:opendocument:xmlns:animation:1.0",
  "xmlns:chart": "urn:oasis:names:tc:opendocument:xmlns:chart:1.0",
  "xmlns:dc": "http://purl.org/dc/elements/1.1/",
  "xmlns:dom": "http://www.w3.org/2001/xml-events",
  "xmlns:dr3d": "urn:oasis:names:tc:opendocument:xmlns:dr3d:1.0",
  "xmlns:draw": "urn:oasis:names:tc:opendocument:xmlns:drawing:1.0",
  "xmlns:drawooo": "http://openoffice.org/2010/draw",
  "xmlns:fo": "urn:oasis:names:tc:opendocument:xmlns:xsl-fo-compatible:1.0",
  "xmlns:form": "urn:oasis:names:tc:opendocument:xmlns:form:1.0",
  "xmlns:grddl": "http://www.w3.org/2003/g/data-view#",
  "xmlns:math": "http://www.w3.org/1998/Math/MathML",
  "xmlns:meta": "urn:oasis:names:tc:opendocument:xmlns:meta:1.0",
  "xmlns:number": "urn:oasis:names:tc:opendocument:xmlns:datastyle:1.0",
  "xmlns:of": "urn:oasis:names:tc:opendocument:xmlns:of:1.2",
  "xmlns:office": "urn:oasis:names:tc:opendocument:xmlns:office:1.0",
  "xmlns:officeooo": "http://openoffice.org/2009/office",
  "xmlns:ooo": "http://openoffice.org/2004/office",
  "xmlns:oooc": "http://openoffice.org/2004/calc",
  "xmlns:ooow": "http://openoffice.org/2004/writer",
  "xmlns:presentation": "urn:oasis:names:tc:opendocument:xmlns:presentation:1.0",
  "xmlns:rpt": "http://openoffice.org/2005/report",
  "xmlns:script": "urn:oasis:names:tc:opendocument:xmlns:script:1.0",
  "xmlns:smil": "urn:oasis:names:tc:opendocument:xmlns:smil-compatible:1.0",
  "xmlns:style": "urn:oasis:names:tc:opendocument:xmlns:style:1.0",
  "xmlns:svg": "urn:oasis:names:tc:opendocument:xmlns:svg-compatible:1.0",
  "xmlns:table": "urn:oasis:names:tc:opendocument:xmlns:table:1.0",
  "xmlns:tableooo": "http://openoffice.org/2009/table",
  "xmlns:text": "urn:oasis:names:tc:opendocument:xmlns:text:1.0",
  "xmlns:xhtml": "http://www.w3.org/1999/xhtml",
  "xmlns:xlink": "http://www.w3.org/1999/xlink",
}
`;

exports[`Style presentationPageLayouts returns layouts for the presentation 1`] = `undefined`;

exports[`Style styles returns styles for the presentation slides 1`] = `Array []`;
